// Jest Snapshot v1, https://goo.gl/fbAQLP

exports[`AboutPage Component matches snapshot 1`] = `
<DocumentFragment>
  <div
    class="mainContainer"
  >
    <div
      class="container"
    >
      <div
        class="heroSection"
      >
        <i
          class="fas fa-heart heroPattern"
        />
        <div
          class="row align-items-center"
        >
          <div
            class="col-md-8"
          >
            <h1
              class="display-4 fw-bold"
            >
              About Hope Harvest
            </h1>
            <p
              class="lead"
            >
              Sowing Seeds of Hope, Reaping Change - Learn about our mission, values, and impact in creating sustainable positive change across Bangladesh.
            </p>
          </div>
          <div
            class="col-md-4 text-center"
          >
            <div
              class="row g-3"
            >
              <div
                class="col-6"
              >
                <div
                  class="statsCard"
                >
                  <h4>
                    2025
                  </h4>
                  <p
                    class="mb-0"
                  >
                    Established
                  </p>
                </div>
              </div>
              <div
                class="col-6"
              >
                <div
                  class="statsCard"
                >
                  <h4>
                    25K+
                  </h4>
                  <p
                    class="mb-0"
                  >
                    Lives Impacted
                  </p>
                </div>
              </div>
            </div>
          </div>
        </div>
      </div>
      <div
        class="row align-items-stretch"
      >
        <div
          class="col-md-4"
        >
          <div
            class="sidebarContainer"
          >
            <h4
              class="sidebarTitle"
            >
              <i
                class="fas fa-book-open me-2"
              />
              Explore Our Story
            </h4>
            <ul
              class="list-unstyled"
            >
              <li
                class="sidebarItem activeItem"
              >
                <div
                  class="iconContainer"
                >
                  <i
                    class="fas fa-home"
                  />
                </div>
                Introduction
              </li>
              <li
                class="sidebarItem "
              >
                <div
                  class="iconContainer"
                >
                  <i
                    class="fas fa-balance-scale"
                  />
                </div>
                Principles and Norms
              </li>
              <li
                class="sidebarItem "
              >
                <div
                  class="iconContainer"
                >
                  <i
                    class="fas fa-bullseye"
                  />
                </div>
                Goals and Objectives
              </li>
              <li
                class="sidebarItem "
              >
                <div
                  class="iconContainer"
                >
                  <i
                    class="fas fa-hands-helping"
                  />
                </div>
                Activities
              </li>
              <li
                class="sidebarItem "
              >
                <div
                  class="iconContainer"
                >
                  <i
                    class="fas fa-money-bill-wave"
                  />
                </div>
                Sources of funds
              </li>
              <li
                class="sidebarItem "
              >
                <div
                  class="iconContainer"
                >
                  <i
                    class="fas fa-chart-pie"
                  />
                </div>
                Expenditure policy
              </li>
              <li
                class="sidebarItem "
              >
                <div
                  class="iconContainer"
                >
                  <i
                    class="fas fa-trophy"
                  />
                </div>
                Achievements
              </li>
            </ul>
          </div>
        </div>
        <div
          class="col-md-8"
        >
          <div
            class="contentContainer"
          >
            <h2
              class="contentTitle"
            >
              Introduction
            </h2>
            <div
              class="contentTitleUnderline"
            />
            <div>
              <div
                class="text-center mb-4"
              >
                <i
                  class="fas fa-seedling fa-3x contentIcon"
                />
              </div>
              <ul
                class="list-unstyled"
              >
                <li
                  class="listItem"
                >
                  <span
                    class="bulletPoint"
                  >
                    游릭
                  </span>
                  Hope Harvest was established in 2025 as a charitable foundation with the mission of "Sowing Seeds of Hope, Reaping Change."
                </li>
                <li
                  class="listItem"
                >
                  <span
                    class="bulletPoint"
                  >
                    游릭
                  </span>
                  Our foundation focuses on providing sustainable relief, empowering communities, and creating long-term positive impact across Bangladesh.
                </li>
                <li
                  class="listItem"
                >
                  <span
                    class="bulletPoint"
                  >
                    游릭
                  </span>
                  Founded by a group of dedicated community leaders who recognized the need for transparent and efficient charitable services.
                </li>
                <li
                  class="listItem"
                >
                  <span
                    class="bulletPoint"
                  >
                    游릭
                  </span>
                  We operate through three key service areas: User Authentication & Management, Donation & Payment Services, and Event & Volunteer Coordination.
                </li>
                <li
                  class="listItem"
                >
                  <span
                    class="bulletPoint"
                  >
                    游릭
                  </span>
                  Our digital platform enables secure donations, transparent fund management, volunteer coordination, and efficient event organization.
                </li>
                <li
                  class="listItem"
                >
                  <span
                    class="bulletPoint"
                  >
                    游릭
                  </span>
                  Through campaigns and events, we've touched the lives of thousands across various districts, focusing on areas like disaster relief, education, and healthcare.
                </li>
                <li
                  class="listItem"
                >
                  <span
                    class="bulletPoint"
                  >
                    游릭
                  </span>
                  We maintain complete transparency in our operations, with detailed tracking of all donations and their impacts.
                </li>
              </ul>
            </div>
          </div>
        </div>
      </div>
    </div>
  </div>
</DocumentFragment>
`;
