// Jest Snapshot v1, https://goo.gl/fbAQLP

exports[`Footer Component matches snapshot 1`] = `
<DocumentFragment>
  <footer
    class="footer"
  >
    <div
      class="container footerContainer"
    >
      <div
        class="copyright"
      >
        Â© 2025 Hope Harvest. All Rights Reserved.
      </div>
      <div
        class="footerLinks"
      >
        <a
          href="/contact"
        >
          Contact
        </a>
        <a
          href="/privacy-policy"
        >
          Privacy Policy
        </a>
      </div>
    </div>
  </footer>
</DocumentFragment>
`;
