// Jest Snapshot v1, https://goo.gl/fbAQLP

exports[`Navbar Component matches snapshot for guest user 1`] = `
<DocumentFragment>
  <header
    class="header"
  >
    <div
      class="container-fluid py-2 border-bottom topRow"
    >
      <div
        class="d-flex justify-content-between align-items-center"
      >
        <a
          class="logoText"
          href="/"
        >
          Â HOPE HARVEST
        </a>
        <div
          class="d-flex align-items-center gap-2"
        >
          <button
            class="btn button buttonContact"
          >
            Contact Us
          </button>
          <a
            class="btn text-white button buttonLogin"
            href="/login"
          >
            Login
          </a>
        </div>
      </div>
    </div>
    <nav
      class="navbar navbar-expand-md navbar-dark bottomNav transparentNav"
    >
      <div
        class="container-fluid"
      >
        <button
          aria-controls="navbarNav"
          aria-expanded="false"
          aria-label="Toggle navigation"
          class="navbar-toggler"
          data-bs-target="#navbarNav"
          data-bs-toggle="collapse"
          type="button"
        >
          <span
            class="navbar-toggler-icon navbarTogglerIcon"
          />
        </button>
        <div
          class="collapse navbar-collapse justify-content-center"
          id="navbarNav"
        >
          <ul
            class="navbar-nav navLinksContainer"
          >
            <li
              class="nav-item"
            >
              <a
                href="/"
              >
                Home
              </a>
            </li>
            <li
              class="nav-item"
            >
              <a
                href="/about"
              >
                About
              </a>
            </li>
            <li
              class="nav-item"
            >
              <a
                href="/campaigns"
              >
                Campaigns
              </a>
            </li>
            <li
              class="nav-item"
            >
              <a
                href="/donate"
              >
                Donate
              </a>
            </li>
            <li
              class="nav-item"
            >
              <a
                href="/track-donation"
              >
                Track Donation
              </a>
            </li>
            <li
              class="nav-item"
            >
              <a
                href="/volunteer-activity"
              >
                Volunteer
              </a>
            </li>
            <li
              class="nav-item"
            >
              <a
                href="/apply-for-funds"
              >
                Apply for Funds
              </a>
            </li>
            <li
              class="nav-item"
            >
              <a
                href="/gallery"
              >
                Gallery
              </a>
            </li>
          </ul>
        </div>
      </div>
    </nav>
  </header>
</DocumentFragment>
`;
